<?xml version="1.0" encoding="utf-8"?><testsuites name="pytest tests"><testsuite name="pytest" errors="0" failures="2" skipped="5" tests="501" time="80.269" timestamp="2026-04-22T17:23:39.069269+00:00" hostname="LAPTOP-0UMCNTP7"><testcase classname="activities.tests.test_activities.TestActivities" name="test_create_activity" time="1.922" /><testcase classname="activities.tests.test_activities.TestActivities" name="test_create_activity_with_external_id" time="0.452" /><testcase classname="activities.tests.test_activities.TestActivities" name="test_prevent_duplicate_external_activity" time="0.458" /><testcase classname="activities.tests.test_activities.TestActivities" name="test_list_activities_with_pagination" time="0.510" /><testcase classname="activities.tests.test_activities.TestActivities" name="test_list_activities_only_own" time="0.847" /><testcase classname="activities.tests.test_activities.TestActivities" name="test_filter_activities_by_provider" time="0.569" /><testcase classname="activities.tests.test_activities.TestActivities" name="test_activity_date_filtering" time="0.537" /><testcase classname="activities.tests.test_activities.TestActivities" name="test_connected_account_str" time="0.547" /><testcase classname="activities.tests.test_activities.TestActivities" name="test_activity_str" time="0.411" /><testcase classname="activities.tests.test_activities.TestActivities" name="test_admin_can_list_all_users_activities" time="1.499" /><testcase classname="activities.tests.test_activities.TestActivities" name="test_admin_can_delete_other_users_activity" time="0.897" /><testcase classname="analytics.tests.test_goal_progress.TestGoalProgressService" name="test_manual_and_external_payloads_can_create_achieved_notification" time="0.470" /><testcase classname="analytics.tests.test_goal_progress.TestGoalProgressService" name="test_manual_activity_payload_creates_at_risk_notification_once" time="0.432" /><testcase classname="analytics.tests.test_goal_progress.TestGoalProgressService" name="test_external_activity_payload_creates_missed_notification_after_deadline" time="0.442" /><testcase classname="analytics.tests.test_goal_progress.TestGoalProgressService" name="test_manual_and_external_payloads_can_move_goal_back_to_on_track_without_notification" time="0.412" /><testcase classname="analytics.tests.test_goal_progress.TestNotificationsAPI" name="test_notifications_list_returns_only_authenticated_users_rows" time="0.972" /><testcase classname="analytics.tests.test_goal_progress.TestNotificationsAPI" name="test_notifications_list_orders_newest_first" time="0.574" /><testcase classname="core.tests.test_outbox_worker.TestProcessPendingOutboxEvents" name="test_no_pending_events_does_nothing" time="0.009" /><testcase classname="core.tests.test_outbox_worker.TestProcessPendingOutboxEvents" name="test_published_and_failed_events_are_skipped" time="0.006" /><testcase classname="core.tests.test_outbox_worker.TestProcessPendingOutboxEvents" name="test_successful_event_marked_published" time="0.011" /><testcase classname="core.tests.test_outbox_worker.TestProcessPendingOutboxEvents" name="test_failed_event_below_max_retries_stays_pending" time="0.011" /><testcase classname="core.tests.test_outbox_worker.TestProcessPendingOutboxEvents" name="test_event_marked_failed_after_max_retries" time="0.009" /><testcase classname="core.tests.test_outbox_worker.TestProcessPendingOutboxEvents" name="test_exception_from_handler_treated_as_failure" time="0.010" /><testcase classname="core.tests.test_outbox_worker.TestProcessPendingOutboxEvents" name="test_multiple_pending_events_all_processed" time="0.015" /><testcase classname="core.tests.test_outbox_worker.TestProcessPendingOutboxEvents" name="test_one_failure_does_not_block_others" time="0.012" /><testcase classname="core.tests.test_seed_db.TestSeedDbCommand" name="test_seed_creates_users_goals_and_activities" time="1.028" /><testcase classname="core.tests.test_seed_db.TestSeedDbCommand" name="test_seed_activities_linked_to_connected_account" time="0.541" /><testcase classname="core.tests.test_seed_db.TestSeedDbCommand" name="test_seed_clear_flag_removes_existing_data" time="1.518" /><testcase classname="core.tests.test_seed_db.TestSeedDbCommand" name="test_seed_zero_users_prints_warning" time="0.032" /><testcase classname="core.tests.test_seed_db.TestSeedDbCommand" name="test_seed_is_deterministic_with_seed_flag" time="1.796" /><testcase classname="data_integration.tests.test_file_records_api.TestFileRecordCrudApi" name="test_requires_authentication" time="0.010" /><testcase classname="data_integration.tests.test_file_records_api.TestFileRecordCrudApi" name="test_non_admin_user_is_forbidden" time="0.471" /><testcase classname="data_integration.tests.test_file_records_api.TestFileRecordCrudApi" name="test_admin_can_create_file_record" time="0.573" /><testcase classname="data_integration.tests.test_file_records_api.TestFileRecordCrudApi" name="test_admin_can_list_file_records" time="0.474" /><testcase classname="data_integration.tests.test_file_records_api.TestFileRecordCrudApi" name="test_admin_can_retrieve_file_record" time="0.469" /><testcase classname="data_integration.tests.test_file_records_api.TestFileRecordCrudApi" name="test_admin_can_update_file_record" time="0.470" /><testcase classname="data_integration.tests.test_file_records_api.TestFileRecordCrudApi" name="test_admin_can_delete_file_record" time="0.485" /><testcase classname="data_integration.tests.test_file_records_api.TestFileRecordCrudApi" name="test_admin_can_search_file_records" time="0.469" /><testcase classname="data_integration.tests.test_file_records_api.TestFileRecordCrudApi" name="test_admin_can_order_file_records" time="0.464" /><testcase classname="data_integration.tests.test_mapmyrun" name="test_save_mapmyrun_activities_saves_new_activities" time="0.011" /><testcase classname="data_integration.tests.test_mapmyrun" name="test_save_mapmyrun_activities_skips_existing_database_duplicates" time="0.010" /><testcase classname="data_integration.tests.test_mapmyrun" name="test_save_mapmyrun_activities_skips_duplicate_within_same_input_batch" time="0.012" /><testcase classname="data_integration.tests.test_mapmyrun" name="test_save_mapmyrun_activities_duplicate_key_for_different_user_is_saved" time="0.011" /><testcase classname="data_integration.tests.test_mapmyrun" name="test_upload_mapmyrun_file_missing_file" time="0.006" /><testcase classname="data_integration.tests.test_mapmyrun" name="test_upload_mapmyrun_file_success" time="0.010" /><testcase classname="data_integration.tests.test_mapmyrun" name="test_upload_mapmyrun_file_value_error_returns_400" time="0.005" /><testcase classname="data_integration.tests.test_mapmyrun" name="test_upload_mapmyrun_file_unexpected_error_returns_500" time="0.006" /><testcase classname="data_integration.tests.test_mapmyrun" name="test_get_mapmyrun_activities_success_returns_only_requested_user" time="0.009" /><testcase classname="data_integration.tests.test_mapmyrun" name="test_get_mapmyrun_activities_empty_result" time="0.008" /><testcase classname="data_integration.tests.test_mapmyrun" name="test_get_mapmyrun_activities_exception_returns_500" time="0.005" /><testcase classname="data_integration.tests.test_weski.TestWeskiUploadView" name="test_upload_requires_authentication" time="0.019" /><testcase classname="data_integration.tests.test_weski.TestWeskiUploadView" name="test_upload_requires_file" time="0.481" /><testcase classname="data_integration.tests.test_weski.TestWeskiUploadView" name="test_upload_rejects_non_gpx" time="0.430" /><testcase classname="data_integration.tests.test_weski.TestWeskiUploadView" name="test_upload_success" time="0.534" /><testcase classname="data_integration.tests.test_weski.TestWeskiUploadView" name="test_upload_duplicate_returns_conflict" time="0.488" /><testcase classname="data_integration.tests.test_weski.TestWeskiUploadView" name="test_upload_invalid_gpx_returns_400" time="0.706" /><testcase classname="data_integration.tests.test_weski.TestWeskiUploadView" name="test_upload_creates_activity_record" time="0.745" /><testcase classname="gamification.tests.test_gamification.StreakUpdateTest" name="test_consecutive_day_increments_streak" time="0.009" /><testcase classname="gamification.tests.test_gamification.StreakUpdateTest" name="test_consecutive_day_updates_longest_when_beaten" time="0.009" /><testcase classname="gamification.tests.test_gamification.StreakUpdateTest" name="test_first_activity_starts_streak_at_one" time="0.008" /><testcase classname="gamification.tests.test_gamification.StreakUpdateTest" name="test_missed_day_resets_streak_to_one" time="0.005" /><testcase classname="gamification.tests.test_gamification.StreakUpdateTest" name="test_missed_multiple_days_resets" time="0.005" /><testcase classname="gamification.tests.test_gamification.StreakUpdateTest" name="test_same_day_activity_no_change" time="0.006" /><testcase classname="gamification.tests.test_gamification.SingleBadgeTest" name="test_calories_metric" time="0.004" /><testcase classname="gamification.tests.test_gamification.SingleBadgeTest" name="test_duration_metric" time="0.006" /><testcase classname="gamification.tests.test_gamification.SingleBadgeTest" name="test_earned_any_activity_type_when_blank" time="0.004" /><testcase classname="gamification.tests.test_gamification.SingleBadgeTest" name="test_earned_when_metric_equals_threshold" time="0.004" /><testcase classname="gamification.tests.test_gamification.SingleBadgeTest" name="test_earned_when_metric_exceeds_threshold" time="0.005" /><testcase classname="gamification.tests.test_gamification.SingleBadgeTest" name="test_not_earned_below_threshold" time="0.003" /><testcase classname="gamification.tests.test_gamification.SingleBadgeTest" name="test_not_earned_wrong_activity_type" time="0.006" /><testcase classname="gamification.tests.test_gamification.CumulativeBadgeTest" name="test_cumulative_badge_earned" time="0.006" /><testcase classname="gamification.tests.test_gamification.CumulativeBadgeTest" name="test_cumulative_badge_exact_threshold" time="0.004" /><testcase classname="gamification.tests.test_gamification.CumulativeBadgeTest" name="test_cumulative_badge_not_earned" time="0.004" /><testcase classname="gamification.tests.test_gamification.CumulativeBadgeTest" name="test_cumulative_badge_with_none_stats" time="0.006" /><testcase classname="gamification.tests.test_gamification.StreakBadgeTest" name="test_streak_badge_earned" time="0.005" /><testcase classname="gamification.tests.test_gamification.StreakBadgeTest" name="test_streak_badge_not_earned" time="0.007" /><testcase classname="gamification.tests.test_gamification.FrequencyBadgeTest" name="test_frequency_badge_any_type_when_blank" time="0.005" /><testcase classname="gamification.tests.test_gamification.FrequencyBadgeTest" name="test_frequency_badge_earned" time="0.006" /><testcase classname="gamification.tests.test_gamification.FrequencyBadgeTest" name="test_frequency_badge_not_enough" time="0.008" /><testcase classname="gamification.tests.test_gamification.FrequencyBadgeTest" name="test_frequency_badge_wrong_activity_type" time="0.009" /><testcase classname="gamification.tests.test_gamification.EvaluateBadgesTest" name="test_evaluate_awards_new_badge" time="0.008" /><testcase classname="gamification.tests.test_gamification.EvaluateBadgesTest" name="test_evaluate_does_not_award_unmet_badge" time="0.008" /><testcase classname="gamification.tests.test_gamification.EvaluateBadgesTest" name="test_evaluate_skips_already_earned" time="0.013" /><testcase classname="gamification.tests.test_gamification.EvaluateMilestonesTest" name="test_milestone_already_reached" time="0.018" /><testcase classname="gamification.tests.test_gamification.EvaluateMilestonesTest" name="test_milestone_not_reached" time="0.025" /><testcase classname="gamification.tests.test_gamification.EvaluateMilestonesTest" name="test_milestone_reached" time="0.016" /><testcase classname="gamification.tests.test_gamification.SignalTest" name="test_signal_calls_evaluate_on_create" time="0.023" /><testcase classname="gamification.tests.test_gamification.SignalTest" name="test_signal_skips_on_update" time="0.006" /><testcase classname="gamification.tests.test_gamification.GetActivityMetricTest" name="test_returns_calories" time="0.004" /><testcase classname="gamification.tests.test_gamification.GetActivityMetricTest" name="test_returns_distance" time="0.003" /><testcase classname="gamification.tests.test_gamification.GetActivityMetricTest" name="test_returns_duration" time="0.005" /><testcase classname="gamification.tests.test_gamification.GetActivityMetricTest" name="test_returns_none_for_unknown_metric" time="0.006" /><testcase classname="gamification.tests.test_gamification.BadgeAPITest" name="test_badge_progress" time="0.699" /><testcase classname="gamification.tests.test_gamification.BadgeAPITest" name="test_earned_badges_empty" time="0.477" /><testcase classname="gamification.tests.test_gamification.BadgeAPITest" name="test_earned_badges_with_badge" time="0.932" /><testcase classname="gamification.tests.test_gamification.BadgeAPITest" name="test_list_badges" time="0.639" /><testcase classname="gamification.tests.test_gamification.BadgeAPITest" name="test_list_badges_unauthenticated" time="0.630" /><testcase classname="gamification.tests.test_gamification.MilestoneAPITest" name="test_list_milestones" time="0.813" /><testcase classname="gamification.tests.test_gamification.MilestoneAPITest" name="test_milestone_progress" time="0.695" /><testcase classname="gamification.tests.test_gamification.MilestoneAPITest" name="test_reached_milestones_empty" time="0.592" /><testcase classname="gamification.tests.test_gamification.StreakAPITest" name="test_get_streak" time="0.459" /><testcase classname="gamification.tests.test_gamification.SummaryAPITest" name="test_get_summary" time="0.582" /><testcase classname="gamification.tests.test_gamification.SummaryAPITest" name="test_summary_unauthenticated" time="0.740" /><testcase classname="gamification.tests.test_gamification.EvaluateAPITest" name="test_evaluate_bad_activity_id" time="0.989" /><testcase classname="gamification.tests.test_gamification.EvaluateAPITest" name="test_evaluate_no_activities" time="0.605" /><testcase classname="gamification.tests.test_gamification.EvaluateAPITest" name="test_evaluate_with_activity" time="0.691" /><testcase classname="gamification.tests.test_gamification.SerializerTest" name="test_badge_serializer" time="0.005" /><testcase classname="gamification.tests.test_gamification.SerializerTest" name="test_milestone_serializer" time="0.004" /><testcase classname="gamification.tests.test_gamification.SerializerTest" name="test_streak_serializer" time="0.552" /><testcase classname="gamification.tests.test_gamification.SeedGamificationTest" name="test_seed_clear_flag" time="0.149" /><testcase classname="gamification.tests.test_gamification.SeedGamificationTest" name="test_seed_creates_badges_and_milestones" time="0.050" /><testcase classname="gamification.tests.test_gamification.SeedGamificationTest" name="test_seed_is_idempotent" time="0.135" /><testcase classname="gamification.tests.test_gamification.ViewsReExportTest" name="test_views_exports_all_viewsets" time="0.014" /><testcase classname="gamification.tests.test_gamification.ModelStrTest" name="test_badge_str" time="0.634" /><testcase classname="gamification.tests.test_gamification.ModelStrTest" name="test_milestone_str" time="0.435" /><testcase classname="gamification.tests.test_gamification.ModelStrTest" name="test_streak_str" time="0.443" /><testcase classname="gamification.tests.test_gamification.ModelStrTest" name="test_user_badge_str" time="0.517" /><testcase classname="gamification.tests.test_gamification.ModelStrTest" name="test_user_milestone_str" time="0.446" /><testcase classname="gamification.tests.test_gamification.RepositoryTest" name="test_activity_stats_active_dates" time="0.567" /><testcase classname="gamification.tests.test_gamification.RepositoryTest" name="test_activity_stats_active_dates_with_since" time="0.464" /><testcase classname="gamification.tests.test_gamification.RepositoryTest" name="test_activity_stats_count_in_period" time="0.527" /><testcase classname="gamification.tests.test_gamification.RepositoryTest" name="test_activity_stats_cumulative" time="0.564" /><testcase classname="gamification.tests.test_gamification.RepositoryTest" name="test_activity_stats_cumulative_with_type" time="0.552" /><testcase classname="gamification.tests.test_gamification.RepositoryTest" name="test_activity_stats_single_max" time="0.531" /><testcase classname="gamification.tests.test_gamification.RepositoryTest" name="test_badge_repo_award_badge" time="0.482" /><testcase classname="gamification.tests.test_gamification.RepositoryTest" name="test_badge_repo_get_all" time="0.414" /><testcase classname="gamification.tests.test_gamification.RepositoryTest" name="test_badge_repo_get_earned" time="0.515" /><testcase classname="gamification.tests.test_gamification.RepositoryTest" name="test_badge_repo_has_badge" time="0.533" /><testcase classname="gamification.tests.test_gamification.RepositoryTest" name="test_milestone_repo" time="0.482" /><testcase classname="gamification.tests.test_gamification.RepositoryTest" name="test_milestone_repo_get_reached" time="0.421" /><testcase classname="gamification.tests.test_gamification.RepositoryTest" name="test_milestone_repo_has_and_award" time="0.460" /><testcase classname="gamification.tests.test_gamification.RepositoryTest" name="test_streak_repo" time="0.488" /><testcase classname="gamification.tests.test_gamification.SignalIntegrationTest" name="test_send_achievement_event_logs_when_no_notification_service" time="0.462" /><testcase classname="gamification.tests.test_gamification.SignalIntegrationTest" name="test_signal_fires_on_activity_create" time="0.493" /><testcase classname="gamification.tests.test_gamification.SignalIntegrationTest" name="test_signal_updates_streak_on_create" time="0.490" /><testcase classname="gamification.tests.test_gamification.ServiceProgressTest" name="test_get_badge_progress" time="0.710" /><testcase classname="gamification.tests.test_gamification.ServiceProgressTest" name="test_get_badge_progress_cumulative" time="0.532" /><testcase classname="gamification.tests.test_gamification.ServiceProgressTest" name="test_get_badge_progress_frequency" time="0.580" /><testcase classname="gamification.tests.test_gamification.ServiceProgressTest" name="test_get_badge_progress_streak" time="0.599" /><testcase classname="gamification.tests.test_gamification.ServiceProgressTest" name="test_get_milestone_progress" time="0.449" /><testcase classname="gamification.tests.test_gamification.ServiceProgressTest" name="test_get_user_summary" time="0.462" /><testcase classname="goals.tests.test_goals.TestGoals" name="test_create_goal_with_all_fields" time="0.569" /><testcase classname="goals.tests.test_goals.TestGoals" name="test_list_goals_with_pagination" time="0.659" /><testcase classname="goals.tests.test_goals.TestGoals" name="test_goal_progress_percentage" time="0.498" /><testcase classname="goals.tests.test_goals.TestGoals" name="test_list_goals_only_own" time="0.913" /><testcase classname="goals.tests.test_goals.TestGoals" name="test_user_cannot_access_another_users_goal" time="0.972" /><testcase classname="goals.tests.test_goals.TestGoals" name="test_update_goal_status" time="0.607" /><testcase classname="goals.tests.test_goals.TestGoals" name="test_filter_goals_by_status" time="0.524" /><testcase classname="goals.tests.test_goals.TestGoals" name="test_progress_log_links_activity_to_goal" time="0.491" /><testcase classname="goals.tests.test_goals.TestGoals" name="test_progress_log_prevents_duplicates" time="0.456" /><testcase classname="goals.tests.test_goals.TestGoals" name="test_admin_can_list_all_users_goals" time="1.462" /><testcase classname="goals.tests.test_goals.TestGoals" name="test_admin_can_delete_other_users_goal" time="0.929" /><testcase classname="goals.tests.test_goals.TestGoalStatusSummaryEndpoint" name="test_status_summary_success" time="0.555" /><testcase classname="goals.tests.test_goals.TestGoalStatusSummaryEndpoint" name="test_status_summary_goal_not_found" time="0.480" /><testcase classname="goals.tests.test_goals.TestGoalStatusSummaryEndpoint" name="test_status_summary_other_users_goal_not_found" time="0.951" /><testcase classname="goals.tests.test_goals.TestGoalStatusSummaryEndpoint" name="test_status_summary_domain_validation_error_returns_422" time="0.480" /><testcase classname="goals.tests.test_goals.TestGoalStatusSummaryEndpoint" name="test_status_summary_unexpected_error_returns_503" time="0.454" /><testcase classname="users.tests.test_auth.TestAuthentication" name="test_user_registration_success" time="0.603" /><testcase classname="users.tests.test_auth.TestAuthentication" name="test_user_registration_password_mismatch" time="0.015" /><testcase classname="users.tests.test_auth.TestAuthentication" name="test_login_returns_token" time="1.074" /><testcase classname="users.tests.test_auth.TestAuthentication" name="test_login_access_token_contains_user_claims" time="0.973" /><testcase classname="users.tests.test_auth.TestAuthentication" name="test_protected_route_without_token_fails" time="0.007" /><testcase classname="users.tests.test_auth.TestAuthentication" name="test_me_endpoint_requires_auth" time="0.008" /><testcase classname="users.tests.test_auth.TestAuthentication" name="test_me_endpoint_returns_user" time="0.422" /><testcase classname="users.tests.test_auth.TestAuthentication" name="test_oauth_fields_moved_to_connected_account" time="0.456" /><testcase classname="users.tests.test_auth.TestAuthentication" name="test_token_refresh" time="0.925" /><testcase classname="users.tests.test_auth.TestAuthentication" name="test_password_reset_request_existing_user" time="0.570" /><testcase classname="users.tests.test_auth.TestAuthentication" name="test_password_reset_request_nonexistent_user" time="0.013" /><testcase classname="users.tests.test_auth.TestAuthentication" name="test_password_reset_request_missing_email" time="0.011" /><testcase classname="users.tests.test_auth.TestAuthentication" name="test_password_reset_confirm_success" time="1.282" /><testcase classname="users.tests.test_auth.TestAuthentication" name="test_password_reset_confirm_invalid_token" time="0.574" /><testcase classname="users.tests.test_auth.TestAuthentication" name="test_password_reset_confirm_invalid_user" time="0.019" /><testcase classname="users.tests.test_auth.TestAuthentication" name="test_password_reset_confirm_missing_fields" time="0.009" /><testcase classname="users.tests.test_auth.TestAuthentication" name="test_password_reset_confirm_weak_password" time="0.435" /><testcase classname="activities.tests.test_adapter.TestAdapterValidate" name="test_valid_activity_passes" time="0.017" /><testcase classname="activities.tests.test_adapter.TestAdapterValidate" name="test_optional_fields_missing" time="0.023" /><testcase classname="activities.tests.test_adapter.TestAdapterValidate" name="test_missing_required_fields_fail[external_id]" time="0.020" /><testcase classname="activities.tests.test_adapter.TestAdapterValidate" name="test_missing_required_fields_fail[name]" time="0.016" /><testcase classname="activities.tests.test_adapter.TestAdapterValidate" name="test_missing_required_fields_fail[distance]" time="0.021" /><testcase classname="activities.tests.test_adapter.TestAdapterValidate" name="test_missing_required_fields_fail[moving_time]" time="0.023" /><testcase classname="activities.tests.test_adapter.TestAdapterValidate" name="test_missing_required_fields_fail[elapsed_time]" time="0.020" /><testcase classname="activities.tests.test_adapter.TestAdapterValidate" name="test_missing_required_fields_fail[total_elevation_gain]" time="0.015" /><testcase classname="activities.tests.test_adapter.TestAdapterValidate" name="test_missing_required_fields_fail[raw_data]" time="0.015" /><testcase classname="activities.tests.test_adapter.TestAdapterValidate" name="test_wrong_types_fail[external_id-123]" time="0.020" /><testcase classname="activities.tests.test_adapter.TestAdapterValidate" name="test_wrong_types_fail[name-999]" time="0.022" /><testcase classname="activities.tests.test_adapter.TestAdapterValidate" name="test_wrong_types_fail[distance-far]" time="0.016" /><testcase classname="activities.tests.test_adapter.TestAdapterValidate" name="test_wrong_types_fail[moving_time-12.5]" time="0.016" /><testcase classname="activities.tests.test_adapter.TestAdapterValidate" name="test_wrong_types_fail[elapsed_time-long]" time="0.023" /><testcase classname="activities.tests.test_adapter.TestAdapterValidate" name="test_wrong_types_fail[total_elevation_gain-high]" time="0.022" /><testcase classname="activities.tests.test_adapter.TestAdapterValidate" name="test_wrong_types_fail[raw_data-not a dict]" time="0.015" /><testcase classname="activities.tests.test_adapter.TestAdapterValidate" name="test_invalid_datetime_format[start_date-not-a-date]" time="0.016" /><testcase classname="activities.tests.test_adapter.TestAdapterValidate" name="test_invalid_datetime_format[start_date_local-2024/01/01]" time="0.018" /><testcase classname="activities.tests.test_adapter.TestAdapterValidate" name="test_invalid_datetime_format[start_date-2024-13-01T00:00:00Z]" time="0.020" /><testcase classname="activities.tests.test_adapter.TestAdapterValidate" name="test_zero_values" time="0.017" /><testcase classname="activities.tests.test_adapter.TestAdapterValidate" name="test_empty_strings" time="0.016" /><testcase classname="activities.tests.test_adapter.TestAdapterValidate" name="test_extra_fields_allowed" time="0.016" /><testcase classname="activities.tests.test_adapter.TestAdapterValidate" name="test_schema_with_additional_required_field" time="0.029" /><testcase classname="activities.tests.test_adapter.TestAdapterValidate" name="test_schema_with_stricter_raw_data" time="0.028" /><testcase classname="activities.tests.test_adapter.TestAdapterValidate" name="test_none_in_required_field" time="0.013" /><testcase classname="activities.tests.test_adapter.TestAdapterValidate" name="test_large_numbers" time="0.023" /><testcase classname="activities.tests.test_adapter.TestAdapterValidate" name="test_nested_raw_data" time="0.017" /><testcase classname="activities.tests.test_adapter.TestAdapterHooks" name="test_register_hooks_appends_hooks" time="0.004" /><testcase classname="activities.tests.test_adapter.TestAdapterHooks" name="test_register_hooks_multiple_calls_accumulate" time="0.002" /><testcase classname="activities.tests.test_adapter.TestAdapterHooks" name="test_hooks_run_in_order" time="0.003" /><testcase classname="activities.tests.test_adapter.TestAdapterHooks" name="test_empty_hooks_do_nothing" time="0.002" /><testcase classname="activities.tests.test_adapter.TestAdapterHooks" name="test_hook_exception_propagates" time="0.002" /><testcase classname="activities.tests.test_adapter.TestAdapterParse" name="test_parse_returns_activity_object" time="0.017" /><testcase classname="activities.tests.test_adapter.TestAdapterParse" name="test_parse_sets_all_attributes" time="0.020" /><testcase classname="activities.tests.test_adapter.TestAdapterParse" name="test_parse_invalid_input_raises" time="0.022" /><testcase classname="activities.tests.test_adapter.TestAdapterParse" name="test_parse_calls_validate" time="0.004" /><testcase classname="activities.tests.test_adapter.TestAdapterParse" name="test_parse_does_not_continue_on_invalid" time="0.005" /><testcase classname="activities.tests.test_adapter.TestAdapterParse" name="test_parse_uses_conversion_method" time="0.037" /><testcase classname="activities.tests.test_adapter.TestAdapterParse" name="test_parse_overwrites_existing_attributes" time="0.035" /><testcase classname="activities.tests.test_adapter.TestAdapterParse" name="test_parse_handles_empty_object" time="0.006" /><testcase classname="activities.tests.test_adapter.TestAdapterParse" name="test_parse_with_hooks_integration" time="0.048" /><testcase classname="activities.tests.test_adapter.TestAdapterParse" name="test_parse_invalid_triggers_failure_hook" time="0.043" /><testcase classname="analytics.test.test_api_router.TestHealthIndicatorsAPIRouter" name="test_build_score_input" time="0.008" /><testcase classname="analytics.test.test_api_router.TestHealthIndicatorsAPIRouter" name="test_check_pending_outbox_returns_false_when_none" time="0.011" /><testcase classname="analytics.test.test_api_router.TestHealthIndicatorsAPIRouter" name="test_check_pending_outbox_returns_true_when_pending" time="0.009" /><testcase classname="analytics.test.test_api_router.TestHealthIndicatorsAPIRouter" name="test_compute_inactivity_mild" time="0.007" /><testcase classname="analytics.test.test_api_router.TestHealthIndicatorsAPIRouter" name="test_compute_inactivity_no_workouts" time="0.006" /><testcase classname="analytics.test.test_api_router.TestHealthIndicatorsAPIRouter" name="test_compute_inactivity_none" time="0.012" /><testcase classname="analytics.test.test_api_router.TestHealthIndicatorsAPIRouter" name="test_compute_inactivity_severe" time="0.009" /><testcase classname="analytics.test.test_api_router.TestHealthIndicatorsAPIRouter" name="test_fetch_activity_data_maps_activity_fields" time="0.012" /><testcase classname="analytics.test.test_api_router.TestHealthIndicatorsAPIRouter" name="test_fetch_activity_data_returns_empty_when_no_results" time="0.011" /><testcase classname="analytics.test.test_api_router.TestHealthIndicatorsAPIRouter" name="test_generic_exception_branch_returns_500" time="0.017" /><testcase classname="analytics.test.test_api_router.TestHealthIndicatorsAPIRouter" name="test_no_ominous_message_when_no_pending_outbox" time="0.018" /><testcase classname="analytics.test.test_api_router.TestHealthIndicatorsAPIRouter" name="test_ominous_message_injected_when_pending_outbox" time="0.018" /><testcase classname="analytics.test.test_api_router.TestHealthIndicatorsAPIRouter" name="test_tc1_normal_request_success" time="0.020" /><testcase classname="analytics.test.test_api_router.TestHealthIndicatorsAPIRouter" name="test_tc2_missing_user_id" time="0.012" /><testcase classname="analytics.test.test_api_router.TestHealthIndicatorsAPIRouter" name="test_tc3_invalid_date_range" time="0.010" /><testcase classname="analytics.test.test_api_router.TestHealthIndicatorsAPIRouter" name="test_tc4_no_activity_data" time="0.017" /><testcase classname="analytics.test.test_api_router.TestHealthIndicatorsAPIRouter" name="test_tc5_data_storage_unavailable" time="0.013" /><testcase classname="analytics.test.test_api_router.TestHealthIndicatorsAPIRouter" name="test_value_error_branch_returns_400" time="0.011" /><testcase classname="analytics.test.test_indicators_standalone.TestIndicatorsCoverageBoost" name="test_calculate_intervals_less_than_two" time="0.008" /><testcase classname="analytics.test.test_indicators_standalone.TestIndicatorsCoverageBoost" name="test_consistency_interpretation_excellent" time="0.006" /><testcase classname="analytics.test.test_indicators_standalone.TestIndicatorsCoverageBoost" name="test_consistency_invalid_target_workouts" time="0.007" /><testcase classname="analytics.test.test_indicators_standalone.TestIndicatorsCoverageBoost" name="test_consistency_period_filtering" time="0.006" /><testcase classname="analytics.test.test_indicators_standalone.TestIndicatorsCoverageBoost" name="test_consistency_same_day_workouts_hits_davg_zero_branch" time="0.007" /><testcase classname="analytics.test.test_indicators_standalone.TestIndicatorsCoverageBoost" name="test_validate_rejects_bad_duration" time="0.010" /><testcase classname="analytics.test.test_indicators_standalone.TestIndicatorsCoverageBoost" name="test_validate_rejects_future_date" time="0.008" /><testcase classname="analytics.test.test_indicators_standalone.TestIndicatorsCoverageBoost" name="test_validate_rejects_low_intensity" time="0.006" /><testcase classname="analytics.test.test_indicators_standalone.TestIndicatorsCoverageBoost" name="test_volume_interpretation_high" time="0.009" /><testcase classname="analytics.test.test_indicators_standalone.TestIndicatorsCoverageBoost" name="test_volume_period_filtering" time="0.006" /><testcase classname="analytics.test.test_indicators_standalone.TestIndicatorsCoverageBoost" name="test_volume_period_filtering_to_empty" time="0.010" /><testcase classname="analytics.test.test_models.TestHealthScoreModel" name="test_compute_health_score_all_indicators_present" time="0.010" /><testcase classname="analytics.test.test_models.TestHealthScoreModel" name="test_compute_health_score_all_missing" time="0.006" /><testcase classname="analytics.test.test_models.TestHealthScoreModel" name="test_compute_health_score_inactive_penalty" time="0.004" /><testcase classname="analytics.test.test_models.TestHealthScoreModel" name="test_compute_health_score_missing_consistency" time="0.006" /><testcase classname="analytics.test.test_models.TestHealthScoreModel" name="test_compute_health_score_missing_volume" time="0.004" /><testcase classname="analytics.test.test_models.TestHealthScoreModel" name="test_compute_health_score_volume_capped_at_100" time="0.006" /><testcase classname="analytics.test.test_models.TestHealthScoreModel" name="test_get_score_range_excellent" time="0.005" /><testcase classname="analytics.test.test_models.TestHealthScoreModel" name="test_get_score_range_fair" time="0.004" /><testcase classname="analytics.test.test_models.TestHealthScoreModel" name="test_get_score_range_good" time="0.004" /><testcase classname="analytics.test.test_models.TestHealthScoreModel" name="test_get_score_range_low" time="0.004" /><testcase classname="analytics.test.test_progress_series.GoalProgressSeriesViewTests" name="test_custom_page_and_page_size_return_expected_slice" time="0.008" /><testcase classname="analytics.test.test_progress_series.GoalProgressSeriesViewTests" name="test_default_pagination_applies_page_1_size_30" time="0.009" /><testcase classname="analytics.test.test_progress_series.GoalProgressSeriesViewTests" name="test_demo_mode_daily_returns_points" time="0.019" /><testcase classname="analytics.test.test_progress_series.GoalProgressSeriesViewTests" name="test_demo_mode_defaults_to_daily" time="0.017" /><testcase classname="analytics.test.test_progress_series.GoalProgressSeriesViewTests" name="test_demo_mode_invalid_granularity_returns_400" time="0.013" /><testcase classname="analytics.test.test_progress_series.GoalProgressSeriesViewTests" name="test_demo_mode_returns_200" time="0.017" /><testcase classname="analytics.test.test_progress_series.GoalProgressSeriesViewTests" name="test_demo_mode_weekly_returns_points" time="0.015" /><testcase classname="analytics.test.test_progress_series.GoalProgressSeriesViewTests" name="test_goal_not_found_returns_404" time="0.011" /><testcase classname="analytics.test.test_progress_series.GoalProgressSeriesViewTests" name="test_invalid_granularity_returns_400" time="0.018" /><testcase classname="analytics.test.test_progress_series.GoalProgressSeriesViewTests" name="test_invalid_page_returns_400" time="0.022" /><testcase classname="analytics.test.test_progress_series.GoalProgressSeriesViewTests" name="test_invalid_page_size_returns_400" time="0.012" /><testcase classname="analytics.test.test_progress_series.GoalProgressSeriesViewTests" name="test_page_beyond_total_pages_returns_empty_points" time="0.009" /><testcase classname="analytics.test.test_progress_series.GoalProgressSeriesViewTests" name="test_page_size_is_capped_to_max_page_size" time="0.012" /><testcase classname="analytics.test.test_progress_series.GoalProgressSeriesViewTests" name="test_progress_series_error_returns_400" time="0.007" /><testcase classname="analytics.test.test_progress_series.GoalProgressSeriesViewTests" name="test_success_returns_200" time="0.012" /><testcase classname="analytics.test.test_progress_series.GoalProgressSeriesViewTests" name="test_unexpected_error_returns_500" time="0.013" /><testcase classname="analytics.test.test_progress_series.GoalProgressSeriesViewTests" name="test_unsupported_goal_type_returns_400" time="0.024" /><testcase classname="analytics.test.test_repositories" name="test_inactivity_evaluation_no_activity" time="0.011" /><testcase classname="analytics.test.test_repositories" name="test_inactivity_evaluation_recent_activity_none" time="0.010" /><testcase classname="analytics.test.test_repositories" name="test_inactivity_evaluation_four_days_ago_mild" time="0.013" /><testcase classname="analytics.test.test_services.TestAnalyticsService" name="test_inactivity_evaluation_calls_repository" time="0.011" /><testcase classname="analytics.test.test_validation_explainability.TestValidateExplainabilityInputs" name="test_health_score_out_of_range_high" time="0.009" /><testcase classname="analytics.test.test_validation_explainability.TestValidateExplainabilityInputs" name="test_health_score_out_of_range_low" time="0.005" /><testcase classname="analytics.test.test_validation_explainability.TestValidateExplainabilityInputs" name="test_invalid_alert_item_type" time="0.006" /><testcase classname="analytics.test.test_validation_explainability.TestValidateExplainabilityInputs" name="test_invalid_alerts_type" time="0.008" /><testcase classname="analytics.test.test_validation_explainability.TestValidateExplainabilityInputs" name="test_invalid_health_score_type" time="0.009" /><testcase classname="analytics.test.test_validation_explainability.TestValidateExplainabilityInputs" name="test_invalid_indicator_value_type" time="0.006" /><testcase classname="analytics.test.test_validation_explainability.TestValidateExplainabilityInputs" name="test_invalid_indicators_type" time="0.006" /><testcase classname="analytics.test.test_validation_explainability.TestValidateExplainabilityInputs" name="test_valid_inputs" time="0.008" /><testcase classname="analytics.test.test_validation_explainability.TestExplainabilityBuilder" name="test_build_explanation_with_complete_data" time="0.007" /><testcase classname="analytics.test.test_validation_explainability.TestExplainabilityBuilder" name="test_build_explanation_with_missing_indicator" time="0.008" /><testcase classname="analytics.test.test_validation_explainability.TestExplainabilityBuilder" name="test_build_explanation_without_alerts" time="0.008" /><testcase classname="analytics.test.test_validation_explainability.TestResponseFormatting" name="test_format_error_response" time="0.009" /><testcase classname="analytics.test.test_validation_explainability.TestResponseFormatting" name="test_format_success_response" time="0.007" /><testcase classname="analytics.test.test_views.TestHealthIndicatorsView" name="test_get_success" time="0.013" /><testcase classname="analytics.tests.test_baseline_forecaster" name="test_moving_average_basic" time="0.022" /><testcase classname="analytics.tests.test_baseline_forecaster" name="test_moving_average_first_prediction" time="0.009" /><testcase classname="analytics.tests.test_baseline_forecaster" name="test_fallback_triggered_when_history_too_short" time="0.006" /><testcase classname="analytics.tests.test_baseline_forecaster" name="test_fallback_repeats_last_value" time="0.005" /><testcase classname="analytics.tests.test_baseline_forecaster" name="test_exact_horizon_count_moving_average" time="0.009" /><testcase classname="analytics.tests.test_baseline_forecaster" name="test_exact_horizon_count_fallback" time="0.005" /><testcase classname="analytics.tests.test_baseline_forecaster" name="test_dates_are_sequential" time="0.006" /><testcase classname="analytics.tests.test_baseline_forecaster" name="test_first_date_follows_last_history_date" time="0.003" /><testcase classname="analytics.tests.test_baseline_forecaster" name="test_empty_history_raises" time="0.008" /><testcase classname="analytics.tests.test_baseline_forecaster" name="test_unsorted_history_raises" time="0.008" /><testcase classname="analytics.tests.test_baseline_forecaster" name="test_invalid_horizon_zero" time="0.012" /><testcase classname="analytics.tests.test_baseline_forecaster" name="test_invalid_horizon_negative" time="0.008" /><testcase classname="analytics.tests.test_baseline_forecaster" name="test_invalid_window_k_zero" time="0.009" /><testcase classname="analytics.tests.test_baseline_forecaster" name="test_invalid_method_raises" time="0.010" /><testcase classname="analytics.tests.test_baseline_forecaster" name="test_non_numeric_value_raises" time="0.007" /><testcase classname="analytics.tests.test_baseline_forecaster" name="test_missing_date_field_raises" time="0.011" /><testcase classname="analytics.tests.test_baseline_forecaster" name="test_missing_value_field_raises" time="0.010" /><testcase classname="analytics.tests.test_baseline_forecaster" name="test_duplicate_dates_raises" time="0.009" /><testcase classname="analytics.tests.test_baseline_forecaster" name="test_forecast_output_has_required_keys" time="0.008" /><testcase classname="analytics.tests.test_baseline_forecaster" name="test_each_forecast_point_has_date_and_predicted_value" time="0.009" /><testcase classname="analytics.tests.test_baseline_forecaster" name="test_metadata_has_required_keys" time="0.009" /><testcase classname="analytics.tests.test_baseline_forecaster" name="test_boundary_len_equals_window_k_uses_moving_average" time="0.008" /><testcase classname="config.tests.test_config.EnvironmentVariableTests" name="test_database_host_required" time="0.009"><skipped type="pytest.skip" message="SQLite does not use HOST setting">/home/kari/source code/habit-tracker-monorepo/backend/config/tests/test_config.py:61: SQLite does not use HOST setting</skipped></testcase><testcase classname="config.tests.test_config.EnvironmentVariableTests" name="test_database_name_from_env" time="0.004"><failure message="AssertionError: False is not true : Unexpected database name: file:memorydb_default?mode=memory&amp;cache=shared">self = &lt;config.tests.test_config.EnvironmentVariableTests testMethod=test_database_name_from_env&gt;

    def test_database_name_from_env(self):
        """Test POSTGRES_DB is loaded from environment."""
        db_name = settings.DATABASES['default']['NAME']
&gt;       self.assertTrue(
            db_name == 'habit_tracker_db' or db_name == 'test_habit_tracker_db',
            f"Unexpected database name: {db_name}",
        )
E       AssertionError: False is not true : Unexpected database name: file:memorydb_default?mode=memory&amp;cache=shared

config/tests/test_config.py:37: AssertionError</failure></testcase><testcase classname="config.tests.test_config.EnvironmentVariableTests" name="test_database_password_required" time="0.003"><skipped type="pytest.skip" message="SQLite does not use PASSWORD setting">/home/kari/source code/habit-tracker-monorepo/backend/config/tests/test_config.py:51: SQLite does not use PASSWORD setting</skipped></testcase><testcase classname="config.tests.test_config.EnvironmentVariableTests" name="test_database_port_from_env" time="0.003"><skipped type="pytest.skip" message="SQLite does not use PORT setting">/home/kari/source code/habit-tracker-monorepo/backend/config/tests/test_config.py:71: SQLite does not use PORT setting</skipped></testcase><testcase classname="config.tests.test_config.EnvironmentVariableTests" name="test_database_user_from_env" time="0.002"><skipped type="pytest.skip" message="SQLite does not use USER setting">/home/kari/source code/habit-tracker-monorepo/backend/config/tests/test_config.py:42: SQLite does not use USER setting</skipped></testcase><testcase classname="config.tests.test_config.EnvironmentVariableTests" name="test_django_allowed_hosts_from_env" time="0.002" /><testcase classname="config.tests.test_config.EnvironmentVariableTests" name="test_django_debug_from_env" time="0.003" /><testcase classname="config.tests.test_config.EnvironmentVariableTests" name="test_django_secret_key_from_env" time="0.006" /><testcase classname="config.tests.test_config.ConfigurationConsistencyTests" name="test_access_token_shorter_than_refresh_token" time="0.003" /><testcase classname="config.tests.test_config.ConfigurationConsistencyTests" name="test_database_engine_is_postgresql" time="0.004" /><testcase classname="config.tests.test_config.ConfigurationConsistencyTests" name="test_database_port_is_valid_port_number" time="0.005"><skipped type="pytest.skip" message="SQLite does not use PORT setting">/home/kari/source code/habit-tracker-monorepo/backend/config/tests/test_config.py:109: SQLite does not use PORT setting</skipped></testcase><testcase classname="config.tests.test_config.ConfigurationConsistencyTests" name="test_jwt_timedelta_values_are_positive" time="0.002" /><testcase classname="config.tests.test_config.ConfigurationConsistencyTests" name="test_page_size_is_positive_integer" time="0.003" /><testcase classname="config.tests.test_config.ConfigurationConsistencyTests" name="test_time_zone_is_valid" time="0.008" /><testcase classname="config.tests.test_settings" name="test_allowed_hosts_include_platform_host_env_vars" time="0.015"><failure message="AssertionError: assert 'web.example.com' in ['localhost', '127.0.0.1', '0.0.0.0']&#10; +  where ['localhost', '127.0.0.1', '0.0.0.0'] = &lt;module 'config.settings' from '/home/kari/source code/habit-tracker-monorepo/backend/config/settings.py'&gt;.ALLOWED_HOSTS">monkeypatch = &lt;_pytest.monkeypatch.MonkeyPatch object at 0x73f95b81bb60&gt;

    def test_allowed_hosts_include_platform_host_env_vars(monkeypatch):
        """Ensure platform-provided host env vars are appended to default hosts."""
        host_values = {
            'WEBSITE_HOSTNAME': 'web.example.com',
            'CONTAINER_APP_HOSTNAME': 'container.example.com',
            'HOSTNAME': 'runtime-host',
        }
    
        project_settings = importlib.import_module('config.settings')
    
        with monkeypatch.context() as m:
            m.delenv('DJANGO_ALLOWED_HOSTS', raising=False)
            for env_name, env_value in host_values.items():
                m.setenv(env_name, env_value)
    
            reloaded_settings = importlib.reload(project_settings)
    
            for env_value in host_values.values():
                assert env_value in reloaded_settings.default_allowed_hosts
&gt;               assert env_value in reloaded_settings.ALLOWED_HOSTS
E               AssertionError: assert 'web.example.com' in ['localhost', '127.0.0.1', '0.0.0.0']
E                +  where ['localhost', '127.0.0.1', '0.0.0.0'] = &lt;module 'config.settings' from '/home/kari/source code/habit-tracker-monorepo/backend/config/settings.py'&gt;.ALLOWED_HOSTS

config/tests/test_settings.py:22: AssertionError</failure></testcase><testcase classname="core.tests.test_predict_model" name="test_predict_success" time="0.008" /><testcase classname="core.tests.test_predict_model" name="test_predict_horizon_one" time="0.007" /><testcase classname="core.tests.test_predict_model" name="test_predict_multi_step_input" time="0.006" /><testcase classname="core.tests.test_predict_model" name="test_predict_no_model" time="0.003" /><testcase classname="core.tests.test_predict_model" name="test_predict_invalid_horizon" time="0.006" /><testcase classname="core.tests.test_predict_model" name="test_predict_missing_input" time="0.005" /><testcase classname="core.tests.test_predict_model" name="test_predict_different_data_types" time="0.004" /><testcase classname="core.tests.test_predict_model" name="test_predict_large_horizon" time="0.006" /><testcase classname="core.tests.test_predict_model" name="test_predict_float_input" time="0.006" /><testcase classname="core.tests.test_train_model" name="test_train_model_success" time="0.007" /><testcase classname="core.tests.test_train_model" name="test_train_model_missing_input" time="0.003" /><testcase classname="core.tests.test_train_model" name="test_train_model_empty_input" time="0.004" /><testcase classname="core.tests.test_train_model" name="test_train_model_mismatch_length" time="0.007" /><testcase classname="core.tests.test_train_model" name="test_train_model_invalid_type" time="0.007" /><testcase classname="core.tests.test_train_model" name="test_train_model_high_dimensional_input" time="0.013" /><testcase classname="core.tests.test_train_model" name="test_train_model_with_list_input" time="0.019" /><testcase classname="core.tests.test_train_model" name="test_train_model_single_point_error" time="0.015" /><testcase classname="core.tests.test_train_model" name="test_train_main_execution" time="0.019" /><testcase classname="core.tests.test_train_model" name="test_predict_main_execution" time="0.016" /><testcase classname="data_integration.tests.test_mapmyrun" name="test_no_file" time="0.008" /><testcase classname="data_integration.tests.test_mapmyrun" name="test_missing_filename" time="0.007" /><testcase classname="data_integration.tests.test_mapmyrun" name="test_invalid_extension" time="0.006" /><testcase classname="data_integration.tests.test_mapmyrun" name="test_valid_extensions_case_insensitive" time="0.007" /><testcase classname="data_integration.tests.test_mapmyrun" name="test_empty_file" time="0.008" /><testcase classname="data_integration.tests.test_mapmyrun" name="test_file_too_large" time="0.024" /><testcase classname="data_integration.tests.test_mapmyrun" name="test_file_at_max_size" time="0.018" /><testcase classname="data_integration.tests.test_mapmyrun" name="test_upload_fails_invalid_file" time="0.014" /><testcase classname="data_integration.tests.test_mapmyrun" name="test_upload_missing_env" time="0.012" /><testcase classname="data_integration.tests.test_mapmyrun" name="test_upload_success" time="0.009" /><testcase classname="data_integration.tests.test_mapmyrun" name="test_upload_extension_preserved" time="0.008" /><testcase classname="data_integration.tests.test_mapmyrun" name="test_no_parsed_activity_data_none" time="0.009" /><testcase classname="data_integration.tests.test_mapmyrun" name="test_no_parsed_activity_data_empty_list" time="0.007" /><testcase classname="data_integration.tests.test_mapmyrun" name="test_valid_row_all_fields_normalized" time="0.010" /><testcase classname="data_integration.tests.test_mapmyrun" name="test_optional_fields_can_be_missing[activity_type-]" time="0.012" /><testcase classname="data_integration.tests.test_mapmyrun" name="test_optional_fields_can_be_missing[calories_burned_kcal-None]" time="0.012" /><testcase classname="data_integration.tests.test_mapmyrun" name="test_optional_fields_can_be_missing[avg_pace_min_per_km-   ]" time="0.008" /><testcase classname="data_integration.tests.test_mapmyrun" name="test_optional_fields_can_be_missing[max_pace_min_per_km-None]" time="0.006" /><testcase classname="data_integration.tests.test_mapmyrun" name="test_optional_fields_can_be_missing[avg_speed_kmh-]" time="0.006" /><testcase classname="data_integration.tests.test_mapmyrun" name="test_optional_fields_can_be_missing[max_speed_kmh-None]" time="0.009" /><testcase classname="data_integration.tests.test_mapmyrun" name="test_required_fields_missing[workout_date-]" time="0.011" /><testcase classname="data_integration.tests.test_mapmyrun" name="test_required_fields_missing[distance_km-None]" time="0.007" /><testcase classname="data_integration.tests.test_mapmyrun" name="test_required_fields_missing[workout_time_seconds-   ]" time="0.007" /><testcase classname="data_integration.tests.test_mapmyrun" name="test_invalid_numeric_conversion[calories_burned_kcal-abc]" time="0.005" /><testcase classname="data_integration.tests.test_mapmyrun" name="test_invalid_numeric_conversion[distance_km-abc]" time="0.008" /><testcase classname="data_integration.tests.test_mapmyrun" name="test_invalid_numeric_conversion[workout_time_seconds-abc]" time="0.009" /><testcase classname="data_integration.tests.test_mapmyrun" name="test_invalid_numeric_conversion[avg_pace_min_per_km-abc]" time="0.009" /><testcase classname="data_integration.tests.test_mapmyrun" name="test_invalid_numeric_conversion[max_pace_min_per_km-abc]" time="0.010" /><testcase classname="data_integration.tests.test_mapmyrun" name="test_invalid_numeric_conversion[avg_speed_kmh-abc]" time="0.009" /><testcase classname="data_integration.tests.test_mapmyrun" name="test_invalid_numeric_conversion[max_speed_kmh-abc]" time="0.011" /><testcase classname="data_integration.tests.test_mapmyrun" name="test_validator_failures[calories_burned_kcal--1-calories_burned_kcal cannot be negative]" time="0.010" /><testcase classname="data_integration.tests.test_mapmyrun" name="test_validator_failures[distance_km--1-distance_km cannot be negative]" time="0.010" /><testcase classname="data_integration.tests.test_mapmyrun" name="test_validator_failures[workout_time_seconds-0-workout_time_seconds must be greater than 0]" time="0.008" /><testcase classname="data_integration.tests.test_mapmyrun" name="test_validator_failures[avg_pace_min_per_km--1-avg_pace_min_per_km cannot be negative]" time="0.008" /><testcase classname="data_integration.tests.test_mapmyrun" name="test_validator_failures[max_pace_min_per_km--1-max_pace_min_per_km cannot be negative]" time="0.010" /><testcase classname="data_integration.tests.test_mapmyrun" name="test_validator_failures[avg_speed_kmh--1-avg_speed_kmh cannot be negative]" time="0.009" /><testcase classname="data_integration.tests.test_mapmyrun" name="test_validator_failures[max_speed_kmh--1-max_speed_kmh cannot be negative]" time="0.005" /><testcase classname="data_integration.tests.test_mapmyrun" name="test_invalid_rows_are_dropped_but_valid_rows_are_kept" time="0.005" /><testcase classname="data_integration.tests.test_mapmyrun" name="test_activity_type_non_string_is_stringified" time="0.010" /><testcase classname="data_integration.tests.test_mapmyrun" name="test_type_error_conversion" time="0.007" /><testcase classname="data_integration.tests.test_mapmyrun" name="test_parse_mapmyrun_file_success" time="0.606" /><testcase classname="data_integration.tests.test_mapmyrun" name="test_parse_mapmyrun_file_missing_required_columns" time="0.051" /><testcase classname="data_integration.tests.test_mapmyrun" name="test_parse_mapmyrun_file_empty_dataframe" time="0.033" /><testcase classname="data_integration.tests.test_mapmyrun" name="test_parse_mapmyrun_file_parsing_failure" time="0.002" /><testcase classname="data_integration.tests.test_mapmyrun" name="test_build_activity_key_normalizes_values" time="0.002" /><testcase classname="data_integration.tests.test_mapmyrun" name="test_build_activity_key_handles_missing_values" time="0.003" /><testcase classname="data_integration.tests.test_mapmyrun" name="test_process_mapmyrun_upload_success" time="0.003" /><testcase classname="data_integration.tests.test_mapmyrun" name="test_process_mapmyrun_upload_parse_error" time="0.003" /><testcase classname="data_integration.tests.test_mapmyrun" name="test_process_mapmyrun_upload_no_valid_normalized_data" time="0.003" /><testcase classname="data_integration.tests.test_strava" name="test_activity_factory_creates_summary" time="0.003" /><testcase classname="data_integration.tests.test_strava" name="test_activity_factory_creates_summary_list" time="0.004" /><testcase classname="data_integration.tests.test_strava" name="test_strava_fetcher_defaults_to_recent_30_activities" time="0.006" /><testcase classname="data_integration.tests.test_strava" name="test_strava_fetcher_uses_date_filters_and_paginates" time="0.013" /><testcase classname="data_integration.tests.test_strava" name="test_strava_fetcher_stops_after_first_full_page_without_date_filters" time="0.006" /><testcase classname="data_integration.tests.test_strava" name="test_strava_fetcher_returns_empty_list_when_first_page_is_empty" time="0.005" /><testcase classname="data_integration.tests.test_strava" name="test_strava_fetcher_raises_for_non_list_payload" time="0.006" /><testcase classname="data_integration.tests.test_strava" name="test_data_integration_service_delegates_to_strava_fetcher" time="0.003" /><testcase classname="data_integration.tests.test_strava" name="test_strava_auth_connect_success" time="0.007" /><testcase classname="data_integration.tests.test_strava" name="test_strava_auth_connect_missing_code" time="0.007" /><testcase classname="data_integration.tests.test_strava" name="test_strava_auth_refresh_success" time="0.007" /><testcase classname="data_integration.tests.test_strava" name="test_strava_auth_server_error" time="0.010" /><testcase classname="data_integration.tests.test_strava" name="test_strava_service_camel_case_wrapper" time="0.003" /><testcase classname="data_integration.tests.test_strava" name="test_to_epoch_returns_none_for_none_input" time="0.004" /><testcase classname="data_integration.tests.test_strava" name="test_coerce_datetime_accepts_datetime_with_timezone" time="0.005" /><testcase classname="data_integration.tests.test_strava" name="test_coerce_datetime_accepts_naive_date_values" time="0.003" /><testcase classname="data_integration.tests.test_strava" name="test_coerce_datetime_accepts_iso_datetime_string_with_offset" time="0.002" /><testcase classname="data_integration.tests.test_strava" name="test_coerce_datetime_accepts_date_only_string" time="0.003" /><testcase classname="data_integration.tests.test_strava" name="test_coerce_datetime_rejects_unsupported_types" time="0.009" /><testcase classname="data_integration.tests.test_weski.TestWeskiGpxParser" name="test_parse_string_returns_session_summary" time="0.003" /><testcase classname="data_integration.tests.test_weski.TestWeskiGpxParser" name="test_parse_bytes_returns_session_summary" time="0.003" /><testcase classname="data_integration.tests.test_weski.TestWeskiGpxParser" name="test_parse_bytes_with_bom" time="0.004" /><testcase classname="data_integration.tests.test_weski.TestWeskiGpxParser" name="test_parse_empty_gpx_returns_zero_metrics" time="0.002" /><testcase classname="data_integration.tests.test_weski.TestWeskiGpxParser" name="test_parse_calculates_distance" time="0.002" /><testcase classname="data_integration.tests.test_weski.TestWeskiGpxParser" name="test_parse_calculates_elevation_gain" time="0.003" /><testcase classname="data_integration.tests.test_weski.TestWeskiGpxParser" name="test_parse_calculates_speed" time="0.004" /><testcase classname="data_integration.tests.test_weski.TestWeskiGpxParser" name="test_parse_calculates_time" time="0.003" /><testcase classname="data_integration.tests.test_weski.TestWeskiGpxParser" name="test_same_content_produces_same_external_id" time="0.003" /><testcase classname="data_integration.tests.test_weski.TestWeskiGpxParser" name="test_different_content_produces_different_external_id" time="0.006" /><testcase classname="data_integration.tests.test_weski.TestWeskiGpxParser" name="test_parse_interpolates_missing_coords" time="0.003" /><testcase classname="data_integration.tests.test_weski.TestWeskiGpxParser" name="test_parse_skips_out_of_range_coords" time="0.002" /><testcase classname="data_integration.tests.test_weski.TestWeskiGpxParser" name="test_parse_handles_spike_detection" time="0.004" /><testcase classname="data_integration.tests.test_weski.TestWeskiGpxParser" name="test_parse_handles_missing_time" time="0.004" /><testcase classname="data_integration.tests.test_weski.TestWeskiGpxParser" name="test_parse_skips_interpolation_for_large_gap" time="0.002" /><testcase classname="data_integration.tests.test_weski.TestWeskiGpxParser" name="test_parse_counts_runs" time="0.003" /><testcase classname="data_integration.tests.test_weski.TestWeskiGpxParser" name="test_parse_detects_second_run_after_lift" time="0.004" /><testcase classname="data_integration.tests.test_weski.TestWeskiGpxParser" name="test_parse_raw_data_included" time="0.004" /><testcase classname="data_integration.tests.test_weski.TestWeskiGpxParser" name="test_parse_file" time="0.007" /><testcase classname="data_integration.tests.test_weski.TestWeskiGpxParser" name="test_parse_invalid_xml_raises" time="0.006" /><testcase classname="data_integration.tests.test_weski.TestWeskiGpxParser" name="test_float_or_none_returns_float" time="0.005" /><testcase classname="data_integration.tests.test_weski.TestWeskiGpxParser" name="test_float_or_none_returns_none_for_none" time="0.006" /><testcase classname="data_integration.tests.test_weski.TestWeskiGpxParser" name="test_float_or_none_returns_none_for_empty" time="0.006" /><testcase classname="data_integration.tests.test_weski.TestWeskiGpxParser" name="test_float_or_none_returns_none_for_invalid" time="0.009" /><testcase classname="data_integration.tests.test_weski.TestWeskiGpxParser" name="test_dt_or_none_returns_datetime" time="0.005" /><testcase classname="data_integration.tests.test_weski.TestWeskiGpxParser" name="test_dt_or_none_returns_none_for_none" time="0.007" /><testcase classname="data_integration.tests.test_weski.TestWeskiGpxParser" name="test_dt_or_none_returns_none_for_empty" time="0.005" /><testcase classname="data_integration.tests.test_weski.TestWeskiGpxParser" name="test_dt_or_none_returns_none_for_invalid" time="0.006" /><testcase classname="data_integration.tests.test_weski.TestWeskiGpxParser" name="test_text_or_none_returns_none_for_none" time="0.004" /><testcase classname="data_integration.tests.test_weski.TestWeskiGpxParser" name="test_distance_m_same_point_is_zero" time="0.008" /><testcase classname="data_integration.tests.test_weski.TestWeskiGpxParser" name="test_distance_m_known_distance" time="0.004" /><testcase classname="data_integration.tests.test_weski.TestWeskiGpxService" name="test_default_parser" time="0.006" /><testcase classname="data_integration.tests.test_weski.TestWeskiGpxService" name="test_custom_parser" time="0.003" /><testcase classname="data_integration.tests.test_weski.TestWeskiGpxService" name="test_parse_gpx_delegates_to_parser" time="0.005" /><testcase classname="data_integration.tests.test_weski.TestWeskiGpxService" name="test_parse_gpx_with_bytes" time="0.003" /><testcase classname="goals.tests.test_goal_service.TestCoerceDecimal" name="test_none_returns_none" time="0.003" /><testcase classname="goals.tests.test_goal_service.TestCoerceDecimal" name="test_integer_converts" time="0.002" /><testcase classname="goals.tests.test_goal_service.TestCoerceDecimal" name="test_float_converts" time="0.003" /><testcase classname="goals.tests.test_goal_service.TestCoerceDecimal" name="test_valid_string_converts" time="0.002" /><testcase classname="goals.tests.test_goal_service.TestCoerceDecimal" name="test_invalid_string_returns_none" time="0.002" /><testcase classname="goals.tests.test_goal_service.TestCoerceDecimal" name="test_invalid_type_returns_none" time="0.003" /><testcase classname="goals.tests.test_goal_service.TestIsDeadlinePassed" name="test_past_date_returns_true" time="0.002" /><testcase classname="goals.tests.test_goal_service.TestIsDeadlinePassed" name="test_future_date_returns_false" time="0.004" /><testcase classname="goals.tests.test_goal_service.TestIsDeadlinePassed" name="test_today_returns_false" time="0.003" /><testcase classname="goals.tests.test_goal_service.TestIsDeadlinePassed" name="test_past_aware_datetime_returns_true" time="0.004" /><testcase classname="goals.tests.test_goal_service.TestIsDeadlinePassed" name="test_future_aware_datetime_returns_false" time="0.005" /><testcase classname="goals.tests.test_goal_service.TestIsDeadlinePassed" name="test_naive_datetime_is_handled" time="0.004" /><testcase classname="goals.tests.test_goal_service.TestIsDeadlinePassed" name="test_unsupported_type_returns_false" time="0.007" /><testcase classname="goals.tests.test_goal_service.TestGetStatusSummary" name="test_negative_target_raises" time="0.012" /><testcase classname="goals.tests.test_goal_service.TestGetStatusSummary" name="test_non_numeric_target_raises" time="0.013" /><testcase classname="goals.tests.test_goal_service.TestGetStatusSummary" name="test_get_actual_value_exception_gives_at_risk" time="0.013" /><testcase classname="goals.tests.test_goal_service.TestGetStatusSummary" name="test_non_numeric_actual_gives_at_risk" time="0.010" /><testcase classname="goals.tests.test_goal_service.TestGetStatusSummary" name="test_negative_actual_clamped_to_zero" time="0.012" /><testcase classname="goals.tests.test_goal_service.TestGetStatusSummary" name="test_zero_target_is_achieved" time="0.012" /><testcase classname="goals.tests.test_goal_service.TestGetStatusSummary" name="test_actual_equals_target_is_achieved" time="0.011" /><testcase classname="goals.tests.test_goal_service.TestGetStatusSummary" name="test_actual_exceeds_target_is_achieved" time="0.009" /><testcase classname="goals.tests.test_goal_service.TestGetStatusSummary" name="test_missed_when_deadline_passed_and_below_target" time="0.012" /><testcase classname="goals.tests.test_goal_service.TestGetStatusSummary" name="test_on_track_when_at_75_percent" time="0.007" /><testcase classname="goals.tests.test_goal_service.TestGetStatusSummary" name="test_on_track_above_75_percent" time="0.010" /><testcase classname="goals.tests.test_goal_service.TestGetStatusSummary" name="test_at_risk_below_75_percent_with_future_deadline" time="0.017" /><testcase classname="goals.tests.test_goal_service.TestGetStatusSummary" name="test_at_risk_below_75_percent_no_deadline" time="0.013" /><testcase classname="goals.tests.test_goal_service.TestGetStatusSummary" name="test_payload_has_expected_keys" time="0.008" /><testcase classname="goals.tests.test_goal_service.TestGetStatusSummary" name="test_notes_absent_when_no_warnings" time="0.008" /><testcase classname="goals.tests.test_goal_service.TestGetStatusSummary" name="test_percent_complete_accuracy" time="0.009" /><testcase classname="goals.tests.test_goal_service.TestGetUserQueryset" name="test_staff_user_gets_all_goals" time="0.011" /><testcase classname="goals.tests.test_goal_service.TestGetUserQueryset" name="test_superuser_gets_all_goals" time="0.008" /><testcase classname="goals.tests.test_goal_service.TestGetUserQueryset" name="test_regular_user_gets_own_goals" time="0.006" /><testcase classname="goals.tests.test_goal_service.TestGetUserGoal" name="test_returns_matching_goal" time="0.013" /><testcase classname="goals.tests.test_goal_service.TestGetUserGoal" name="test_returns_none_when_not_found" time="0.011" /><testcase classname="goals.tests.test_goal_service.TestProgressPercentage" name="test_zero_target_returns_zero" time="0.006" /><testcase classname="goals.tests.test_goal_service.TestProgressPercentage" name="test_none_target_returns_zero" time="0.008" /><testcase classname="goals.tests.test_goal_service.TestProgressPercentage" name="test_normal_progress" time="0.006" /><testcase classname="goals.tests.test_goal_service.TestProgressPercentage" name="test_capped_at_100" time="0.006" /><testcase classname="notifications.tests.test_notification_service.TestEvaluateGoalAchievement" name="test_achieved_when_current_equals_target" time="0.014" /><testcase classname="notifications.tests.test_notification_service.TestEvaluateGoalAchievement" name="test_achieved_when_current_exceeds_target" time="0.009" /><testcase classname="notifications.tests.test_notification_service.TestEvaluateGoalAchievement" name="test_not_achieved_when_below_target" time="0.008" /><testcase classname="notifications.tests.test_notification_service.TestBuildAchievementMessage" name="test_message_contains_goal_title" time="0.006" /><testcase classname="notifications.tests.test_notification_service.TestBuildGoalProgressContent" name="test_achieved_state" time="0.007" /><testcase classname="notifications.tests.test_notification_service.TestBuildGoalProgressContent" name="test_at_risk_state" time="0.007" /><testcase classname="notifications.tests.test_notification_service.TestBuildGoalProgressContent" name="test_missed_state" time="0.008" /><testcase classname="notifications.tests.test_notification_service.TestCreateGoalProgressNotification" name="test_achieved_creates_notification" time="0.011" /><testcase classname="notifications.tests.test_notification_service.TestCreateGoalProgressNotification" name="test_at_risk_creates_notification" time="0.007" /><testcase classname="notifications.tests.test_notification_service.TestCreateGoalProgressNotification" name="test_missed_creates_notification" time="0.006" /><testcase classname="notifications.tests.test_notification_service.TestCreateGoalProgressNotification" name="test_on_track_returns_none" time="0.007" /><testcase classname="notifications.tests.test_notification_service.TestCreateGoalProgressNotification" name="test_unknown_state_returns_none" time="0.003" /><testcase classname="notifications.tests.test_notification_service.TestCreateGoalProgressNotification" name="test_payload_contains_expected_fields" time="0.004" /><testcase classname="notifications.tests.test_notification_service.TestListRecent" name="test_delegates_to_repository" time="0.013" /></testsuite></testsuites>